../Core/Src/main.c:79:5:main	80	static
../Core/Src/main.c:194:6:SystemClock_Config	120	static
../Core/Src/main.c:245:13:MX_USART3_UART_Init	8	static
../Core/Src/main.c:293:13:MX_GPIO_Init	40	static
../Core/Src/main.c:323:1:__io_putchar	16	static
../Core/Src/main.c:340:6:StartDefaultTask	16	static
../Core/Src/main.c:358:6:StartTask_LED	16	static
../Core/Src/main.c:376:6:MPU_Config	24	static
../Core/Src/main.c:411:6:HAL_TIM_PeriodElapsedCallback	16	static
../Core/Src/main.c:428:6:Error_Handler	4	static,ignoring_inline_asm
